[22:43:43.531] OnImageUrlChanged called for url: https://files.yande.re/sample/cee48638cc3bf7877d76f166d105a0fd/yande.re%201267547%20sample%20christmas%20dress%20mariya_mikhailovna_kujou%20momoko_%28momopoco%29%20pantyhose%20sweater%20tokidoki_bosotto_russia-go_de_dereru_tonari_no_alya-san.jpg
[22:43:43.545] LoadBitmapAsync started for URL: https://files.yande.re/sample/cee48638cc3bf7877d76f166d105a0fd/yande.re%201267547%20sample%20christmas%20dress%20mariya_mikhailovna_kujou%20momoko_%28momopoco%29%20pantyhose%20sweater%20tokidoki_bosotto_russia-go_de_dereru_tonari_no_alya-san.jpg
[22:43:44.178] OnImageUrlChanged called for url: https://assets.yande.re/data/preview/ce/e4/cee48638cc3bf7877d76f166d105a0fd.jpg
[22:43:44.179] LoadBitmapAsync started for URL: https://assets.yande.re/data/preview/ce/e4/cee48638cc3bf7877d76f166d105a0fd.jpg
[22:43:44.181] OnImageUrlChanged called for url: https://konachan.net/data/preview/e9/0e/e90e8db7a86a4b6eb7ce22003721493d.jpg
[22:43:44.181] LoadBitmapAsync started for URL: https://konachan.net/data/preview/e9/0e/e90e8db7a86a4b6eb7ce22003721493d.jpg
[22:43:44.183] GetCachedImagePathAsync returned: C:\Users\ASUS\AppData\Local\AniDesk\Cache\Thumbnails\dffbe1f9834d105f2fe331af0edcb5a8.jpg
[22:43:44.183] Reading bytes from local file: C:\Users\ASUS\AppData\Local\AniDesk\Cache\Thumbnails\dffbe1f9834d105f2fe331af0edcb5a8.jpg
[22:43:44.185] Read 32818 bytes. Decoding...
[22:43:44.186] OnImageUrlChanged called for url: https://assets.yande.re/data/preview/c1/ab/c1abb3cfc2401915ac3f92fdbb7f46a1.jpg
[22:43:44.187] LoadBitmapAsync started for URL: https://assets.yande.re/data/preview/c1/ab/c1abb3cfc2401915ac3f92fdbb7f46a1.jpg
[22:43:44.188] OnImageUrlChanged called for url: https://konachan.net/data/preview/d3/a0/d3a0084acea7e42e53fdf2e2a6ca5cd1.jpg
[22:43:44.188] LoadBitmapAsync started for URL: https://konachan.net/data/preview/d3/a0/d3a0084acea7e42e53fdf2e2a6ca5cd1.jpg
[22:43:44.189] GetCachedImagePathAsync returned: C:\Users\ASUS\AppData\Local\AniDesk\Cache\Thumbnails\da3718bca81aa84d63d1c16df71592e6.jpg
[22:43:44.190] Reading bytes from local file: C:\Users\ASUS\AppData\Local\AniDesk\Cache\Thumbnails\da3718bca81aa84d63d1c16df71592e6.jpg
[22:43:44.190] OnImageUrlChanged called for url: https://assets.yande.re/data/preview/bc/06/bc0601c52f101683b38469053b4d9828.jpg
[22:43:44.191] LoadBitmapAsync started for URL: https://assets.yande.re/data/preview/bc/06/bc0601c52f101683b38469053b4d9828.jpg
[22:43:44.192] OnImageUrlChanged called for url: https://konachan.net/data/preview/ce/3e/ce3e6a3a16508badaaa3c922c5274412.jpg
[22:43:44.193] LoadBitmapAsync started for URL: https://konachan.net/data/preview/ce/3e/ce3e6a3a16508badaaa3c922c5274412.jpg
[22:43:44.194] GetCachedImagePathAsync returned: C:\Users\ASUS\AppData\Local\AniDesk\Cache\Thumbnails\4db107d4e3ceb4b44d21baa58e1a5a7e.jpg
[22:43:44.194] Reading bytes from local file: C:\Users\ASUS\AppData\Local\AniDesk\Cache\Thumbnails\4db107d4e3ceb4b44d21baa58e1a5a7e.jpg
[22:43:44.195] OnImageUrlChanged called for url: https://assets.yande.re/data/preview/39/59/3959cdc2a3f0d4c7e2ff3194ee2f2e63.jpg
[22:43:44.196] LoadBitmapAsync started for URL: https://assets.yande.re/data/preview/39/59/3959cdc2a3f0d4c7e2ff3194ee2f2e63.jpg
[22:43:44.197] OnImageUrlChanged called for url: https://konachan.net/data/preview/9f/29/9f295c8f1538ac8c4f9f8e9e5bc4d28d.jpg
[22:43:44.198] LoadBitmapAsync started for URL: https://konachan.net/data/preview/9f/29/9f295c8f1538ac8c4f9f8e9e5bc4d28d.jpg
[22:43:44.199] GetCachedImagePathAsync returned: C:\Users\ASUS\AppData\Local\AniDesk\Cache\Thumbnails\1a8cf07e1d796bd6ae930e3678fe973f.jpg
[22:43:44.200] Reading bytes from local file: C:\Users\ASUS\AppData\Local\AniDesk\Cache\Thumbnails\1a8cf07e1d796bd6ae930e3678fe973f.jpg
[22:43:44.201] OnImageUrlChanged called for url: https://assets.yande.re/data/preview/62/79/6279dcd0f73ff1d8470707c1021c7f6d.jpg
[22:43:44.201] LoadBitmapAsync started for URL: https://assets.yande.re/data/preview/62/79/6279dcd0f73ff1d8470707c1021c7f6d.jpg
[22:43:44.202] OnImageUrlChanged called for url: https://konachan.net/data/preview/8c/88/8c8832dc8d4c81de601d258cd7c72f15.jpg
[22:43:44.202] LoadBitmapAsync started for URL: https://konachan.net/data/preview/8c/88/8c8832dc8d4c81de601d258cd7c72f15.jpg
[22:43:44.203] GetCachedImagePathAsync returned: C:\Users\ASUS\AppData\Local\AniDesk\Cache\Thumbnails\9e31402b2bc1d754416ce719dec0576f.jpg
[22:43:44.204] Reading bytes from local file: C:\Users\ASUS\AppData\Local\AniDesk\Cache\Thumbnails\9e31402b2bc1d754416ce719dec0576f.jpg
[22:43:44.205] OnImageUrlChanged called for url: https://assets.yande.re/data/preview/63/dd/63dd58a5f1a3986517bab5a7057a0a37.jpg
[22:43:44.205] LoadBitmapAsync started for URL: https://assets.yande.re/data/preview/63/dd/63dd58a5f1a3986517bab5a7057a0a37.jpg
[22:43:44.207] OnImageUrlChanged called for url: https://konachan.net/data/preview/76/8e/768e9e49bdf3d0bd5a15e579acdc5859.jpg
[22:43:44.208] LoadBitmapAsync started for URL: https://konachan.net/data/preview/76/8e/768e9e49bdf3d0bd5a15e579acdc5859.jpg
[22:43:44.208] GetCachedImagePathAsync returned: C:\Users\ASUS\AppData\Local\AniDesk\Cache\Thumbnails\d4aeb0dd3e6b54a069bff4cddf52902f.jpg
[22:43:44.209] Reading bytes from local file: C:\Users\ASUS\AppData\Local\AniDesk\Cache\Thumbnails\d4aeb0dd3e6b54a069bff4cddf52902f.jpg
[22:43:44.210] OnImageUrlChanged called for url: https://assets.yande.re/data/preview/a3/b9/a3b9c1d012ae55b53887d2d3aa2e254b.jpg
[22:43:44.210] LoadBitmapAsync started for URL: https://assets.yande.re/data/preview/a3/b9/a3b9c1d012ae55b53887d2d3aa2e254b.jpg
[22:43:44.211] GetCachedImagePathAsync returned: C:\Users\ASUS\AppData\Local\AniDesk\Cache\Thumbnails\0ab81b8e5b8f90100ab11cc7ec840cae.jpg
[22:43:44.211] Reading bytes from local file: C:\Users\ASUS\AppData\Local\AniDesk\Cache\Thumbnails\0ab81b8e5b8f90100ab11cc7ec840cae.jpg
[22:43:44.213] OnImageUrlChanged called for url: https://konachan.net/data/preview/e7/a6/e7a6052b5dc48c38b906f8d3f1ab092a.jpg
[22:43:44.214] LoadBitmapAsync started for URL: https://konachan.net/data/preview/e7/a6/e7a6052b5dc48c38b906f8d3f1ab092a.jpg
[22:43:44.215] GetCachedImagePathAsync returned: C:\Users\ASUS\AppData\Local\AniDesk\Cache\Thumbnails\4ce0fb02bfec808c5d0b96d00152d008.jpg
[22:43:44.215] Reading bytes from local file: C:\Users\ASUS\AppData\Local\AniDesk\Cache\Thumbnails\4ce0fb02bfec808c5d0b96d00152d008.jpg
[22:43:44.216] OnImageUrlChanged called for url: https://assets.yande.re/data/preview/17/74/1774d6fc9895b132a28b4d2cdba65453.jpg
[22:43:44.217] LoadBitmapAsync started for URL: https://assets.yande.re/data/preview/17/74/1774d6fc9895b132a28b4d2cdba65453.jpg
[22:43:44.217] GetCachedImagePathAsync returned: C:\Users\ASUS\AppData\Local\AniDesk\Cache\Thumbnails\add6289e21b134de4cde4b57117c0451.jpg
[22:43:44.218] Reading bytes from local file: C:\Users\ASUS\AppData\Local\AniDesk\Cache\Thumbnails\add6289e21b134de4cde4b57117c0451.jpg
[22:43:44.219] OnImageUrlChanged called for url: https://konachan.net/data/preview/7c/83/7c833ad0d88507db8b0b48e9fea52e3f.jpg
[22:43:44.219] LoadBitmapAsync started for URL: https://konachan.net/data/preview/7c/83/7c833ad0d88507db8b0b48e9fea52e3f.jpg
[22:43:44.220] GetCachedImagePathAsync returned: C:\Users\ASUS\AppData\Local\AniDesk\Cache\Thumbnails\db550ce25d116fc87edec0764e35c39c.jpg
[22:43:44.221] Reading bytes from local file: C:\Users\ASUS\AppData\Local\AniDesk\Cache\Thumbnails\db550ce25d116fc87edec0764e35c39c.jpg
[22:43:44.222] OnImageUrlChanged called for url: https://assets.yande.re/data/preview/a8/6b/a86bcf5243a52470f59019d18c058774.jpg
[22:43:44.222] LoadBitmapAsync started for URL: https://assets.yande.re/data/preview/a8/6b/a86bcf5243a52470f59019d18c058774.jpg
[22:43:44.223] OnImageUrlChanged called for url: https://konachan.net/data/preview/3b/b4/3bb475715edb1c2fea7d12b122b6fd24.jpg
[22:43:44.224] LoadBitmapAsync started for URL: https://konachan.net/data/preview/3b/b4/3bb475715edb1c2fea7d12b122b6fd24.jpg
[22:43:44.224] GetCachedImagePathAsync returned: C:\Users\ASUS\AppData\Local\AniDesk\Cache\Thumbnails\5c97be5555d3101c34033df0c2054a0e.jpg
[22:43:44.225] Reading bytes from local file: C:\Users\ASUS\AppData\Local\AniDesk\Cache\Thumbnails\5c97be5555d3101c34033df0c2054a0e.jpg
[22:43:44.226] OnImageUrlChanged called for url: https://assets.yande.re/data/preview/b9/77/b97711712a96b74c63b4220e0c9779ef.jpg
[22:43:44.227] LoadBitmapAsync started for URL: https://assets.yande.re/data/preview/b9/77/b97711712a96b74c63b4220e0c9779ef.jpg
[22:43:44.229] OnImageUrlChanged called for url: https://konachan.net/data/preview/ea/41/ea41e4fc15f4194dc9ac30128ca42c7e.jpg
[22:43:44.230] LoadBitmapAsync started for URL: https://konachan.net/data/preview/ea/41/ea41e4fc15f4194dc9ac30128ca42c7e.jpg
[22:43:44.231] GetCachedImagePathAsync returned: C:\Users\ASUS\AppData\Local\AniDesk\Cache\Thumbnails\6d84106fc837eadf55d5db9bc18bb74c.jpg
[22:43:44.232] Reading bytes from local file: C:\Users\ASUS\AppData\Local\AniDesk\Cache\Thumbnails\6d84106fc837eadf55d5db9bc18bb74c.jpg
[22:43:44.233] OnImageUrlChanged called for url: https://assets.yande.re/data/preview/29/c0/29c0e4ba8376d02bad490aa8b32a2b5f.jpg
[22:43:44.235] LoadBitmapAsync started for URL: https://assets.yande.re/data/preview/29/c0/29c0e4ba8376d02bad490aa8b32a2b5f.jpg
[22:43:44.236] OnImageUrlChanged called for url: https://konachan.net/data/preview/39/80/3980c9d276702d01c0b28174778d53ce.jpg
[22:43:44.237] LoadBitmapAsync started for URL: https://konachan.net/data/preview/39/80/3980c9d276702d01c0b28174778d53ce.jpg
[22:43:44.238] GetCachedImagePathAsync returned: C:\Users\ASUS\AppData\Local\AniDesk\Cache\Thumbnails\6e9fdfc0a6b50f045490604ff965870f.jpg
[22:43:44.239] Reading bytes from local file: C:\Users\ASUS\AppData\Local\AniDesk\Cache\Thumbnails\6e9fdfc0a6b50f045490604ff965870f.jpg
[22:43:44.240] OnImageUrlChanged called for url: https://assets.yande.re/data/preview/15/d5/15d5fd05de91c4fad27faebcdb30d68c.jpg
[22:43:44.241] LoadBitmapAsync started for URL: https://assets.yande.re/data/preview/15/d5/15d5fd05de91c4fad27faebcdb30d68c.jpg
[22:43:44.242] OnImageUrlChanged called for url: https://konachan.net/data/preview/48/bd/48bd929746e2267bdcf0d49bf146b184.jpg
[22:43:44.243] LoadBitmapAsync started for URL: https://konachan.net/data/preview/48/bd/48bd929746e2267bdcf0d49bf146b184.jpg
[22:43:44.243] GetCachedImagePathAsync returned: C:\Users\ASUS\AppData\Local\AniDesk\Cache\Thumbnails\499d47c76a3505be3a6fd65145a562e5.jpg
[22:43:44.244] Reading bytes from local file: C:\Users\ASUS\AppData\Local\AniDesk\Cache\Thumbnails\499d47c76a3505be3a6fd65145a562e5.jpg
[22:43:44.245] OnImageUrlChanged called for url: https://assets.yande.re/data/preview/a6/db/a6db50626d551940795b05d7856e8b8b.jpg
[22:43:44.246] LoadBitmapAsync started for URL: https://assets.yande.re/data/preview/a6/db/a6db50626d551940795b05d7856e8b8b.jpg
[22:43:44.274] OnImageUrlChanged called for url: https://konachan.net/data/preview/ec/12/ec12610669fb7fef6445ceb5e2c5b6e6.jpg
[22:43:44.274] LoadBitmapAsync started for URL: https://konachan.net/data/preview/ec/12/ec12610669fb7fef6445ceb5e2c5b6e6.jpg
[22:43:44.275] GetCachedImagePathAsync returned: C:\Users\ASUS\AppData\Local\AniDesk\Cache\Thumbnails\71592495fcbc6823d6147749fa94bbe4.jpg
[22:43:44.279] Reading bytes from local file: C:\Users\ASUS\AppData\Local\AniDesk\Cache\Thumbnails\71592495fcbc6823d6147749fa94bbe4.jpg
[22:43:44.312] OnImageUrlChanged called for url: https://assets.yande.re/data/preview/92/a9/92a9958f9c9d09b47386cf668fac52c8.jpg
[22:43:44.313] LoadBitmapAsync started for URL: https://assets.yande.re/data/preview/92/a9/92a9958f9c9d09b47386cf668fac52c8.jpg
[22:43:44.314] OnImageUrlChanged called for url: https://konachan.net/data/preview/60/bf/60bfd593aab4692c41e6333bee746675.jpg
[22:43:44.315] LoadBitmapAsync started for URL: https://konachan.net/data/preview/60/bf/60bfd593aab4692c41e6333bee746675.jpg
[22:43:44.316] GetCachedImagePathAsync returned: C:\Users\ASUS\AppData\Local\AniDesk\Cache\Thumbnails\5e4a9bd20bbbcba580b4cd00bd2fa798.jpg
[22:43:44.316] Reading bytes from local file: C:\Users\ASUS\AppData\Local\AniDesk\Cache\Thumbnails\5e4a9bd20bbbcba580b4cd00bd2fa798.jpg
[22:43:44.318] OnImageUrlChanged called for url: https://assets.yande.re/data/preview/2a/4d/2a4dc67679a750a45bfd5e47c68df3f5.jpg
[22:43:44.319] LoadBitmapAsync started for URL: https://assets.yande.re/data/preview/2a/4d/2a4dc67679a750a45bfd5e47c68df3f5.jpg
[22:43:44.324] OnImageUrlChanged called for url: https://konachan.net/data/preview/a0/59/a0592266686e680cd6781c593e885614.jpg
[22:43:44.326] LoadBitmapAsync started for URL: https://konachan.net/data/preview/a0/59/a0592266686e680cd6781c593e885614.jpg
[22:43:44.330] GetCachedImagePathAsync returned: C:\Users\ASUS\AppData\Local\AniDesk\Cache\Thumbnails\d83299089cfad037baaf8176852daac6.jpg
[22:43:44.330] Reading bytes from local file: C:\Users\ASUS\AppData\Local\AniDesk\Cache\Thumbnails\d83299089cfad037baaf8176852daac6.jpg
[22:43:44.332] OnImageUrlChanged called for url: https://assets.yande.re/data/preview/ce/e4/cee48638cc3bf7877d76f166d105a0fd.jpg
[22:43:44.334] OnImageUrlChanged called for url: https://konachan.net/data/preview/e9/0e/e90e8db7a86a4b6eb7ce22003721493d.jpg
[22:43:44.334] OnImageUrlChanged called for url: https://assets.yande.re/data/preview/c1/ab/c1abb3cfc2401915ac3f92fdbb7f46a1.jpg
[22:43:44.335] OnImageUrlChanged called for url: https://konachan.net/data/preview/d3/a0/d3a0084acea7e42e53fdf2e2a6ca5cd1.jpg
[22:43:44.335] OnImageUrlChanged called for url: https://assets.yande.re/data/preview/bc/06/bc0601c52f101683b38469053b4d9828.jpg
[22:43:44.336] OnImageUrlChanged called for url: https://konachan.net/data/preview/ce/3e/ce3e6a3a16508badaaa3c922c5274412.jpg
[22:43:44.336] OnImageUrlChanged called for url: https://assets.yande.re/data/preview/39/59/3959cdc2a3f0d4c7e2ff3194ee2f2e63.jpg
[22:43:44.337] OnImageUrlChanged called for url: https://konachan.net/data/preview/9f/29/9f295c8f1538ac8c4f9f8e9e5bc4d28d.jpg
[22:43:44.338] OnImageUrlChanged called for url: https://assets.yande.re/data/preview/62/79/6279dcd0f73ff1d8470707c1021c7f6d.jpg
[22:43:44.339] OnImageUrlChanged called for url: https://konachan.net/data/preview/8c/88/8c8832dc8d4c81de601d258cd7c72f15.jpg
[22:43:44.339] OnImageUrlChanged called for url: https://assets.yande.re/data/preview/63/dd/63dd58a5f1a3986517bab5a7057a0a37.jpg
[22:43:44.340] OnImageUrlChanged called for url: https://konachan.net/data/preview/76/8e/768e9e49bdf3d0bd5a15e579acdc5859.jpg
[22:43:44.340] OnImageUrlChanged called for url: https://assets.yande.re/data/preview/a3/b9/a3b9c1d012ae55b53887d2d3aa2e254b.jpg
[22:43:44.341] OnImageUrlChanged called for url: https://konachan.net/data/preview/e7/a6/e7a6052b5dc48c38b906f8d3f1ab092a.jpg
[22:43:44.342] OnImageUrlChanged called for url: https://assets.yande.re/data/preview/17/74/1774d6fc9895b132a28b4d2cdba65453.jpg
[22:43:44.356] OnImageUrlChanged called for url: https://konachan.net/data/preview/7c/83/7c833ad0d88507db8b0b48e9fea52e3f.jpg
[22:43:44.369] OnImageUrlChanged called for url: https://assets.yande.re/data/preview/a8/6b/a86bcf5243a52470f59019d18c058774.jpg
[22:43:44.370] OnImageUrlChanged called for url: https://konachan.net/data/preview/3b/b4/3bb475715edb1c2fea7d12b122b6fd24.jpg
[22:43:44.371] OnImageUrlChanged called for url: https://assets.yande.re/data/preview/b9/77/b97711712a96b74c63b4220e0c9779ef.jpg
[22:43:44.372] OnImageUrlChanged called for url: https://konachan.net/data/preview/ea/41/ea41e4fc15f4194dc9ac30128ca42c7e.jpg
[22:43:44.376] OnImageUrlChanged called for url: https://assets.yande.re/data/preview/29/c0/29c0e4ba8376d02bad490aa8b32a2b5f.jpg
[22:43:44.377] OnImageUrlChanged called for url: https://konachan.net/data/preview/39/80/3980c9d276702d01c0b28174778d53ce.jpg
[22:43:44.381] OnImageUrlChanged called for url: https://assets.yande.re/data/preview/15/d5/15d5fd05de91c4fad27faebcdb30d68c.jpg
[22:43:44.382] OnImageUrlChanged called for url: https://konachan.net/data/preview/48/bd/48bd929746e2267bdcf0d49bf146b184.jpg
[22:43:44.383] OnImageUrlChanged called for url: https://assets.yande.re/data/preview/a6/db/a6db50626d551940795b05d7856e8b8b.jpg
[22:43:44.383] OnImageUrlChanged called for url: https://konachan.net/data/preview/ec/12/ec12610669fb7fef6445ceb5e2c5b6e6.jpg
[22:43:44.384] OnImageUrlChanged called for url: https://assets.yande.re/data/preview/92/a9/92a9958f9c9d09b47386cf668fac52c8.jpg
[22:43:44.384] OnImageUrlChanged called for url: https://konachan.net/data/preview/60/bf/60bfd593aab4692c41e6333bee746675.jpg
[22:43:44.385] OnImageUrlChanged called for url: https://assets.yande.re/data/preview/2a/4d/2a4dc67679a750a45bfd5e47c68df3f5.jpg
[22:43:44.385] OnImageUrlChanged called for url: https://konachan.net/data/preview/a0/59/a0592266686e680cd6781c593e885614.jpg
[22:43:44.819] Read 15153 bytes. Decoding...
[22:43:44.822] Read 17012 bytes. Decoding...
[22:43:44.829] Read 17048 bytes. Decoding...
[22:43:44.836] Read 17798 bytes. Decoding...
[22:43:44.842] Read 16137 bytes. Decoding...
[22:43:44.849] Read 8123 bytes. Decoding...
[22:43:44.851] Read 16333 bytes. Decoding...
[22:43:44.854] Read 9117 bytes. Decoding...
[22:43:44.857] Read 13007 bytes. Decoding...
[22:43:44.859] Read 19013 bytes. Decoding...
[22:43:44.863] Read 18499 bytes. Decoding...
[22:43:44.864] Read 20198 bytes. Decoding...
[22:43:44.865] GetCachedImagePathAsync returned: C:\Users\ASUS\AppData\Local\AniDesk\Cache\Thumbnails\cd1002365ccbec3468d171752fad1c87.jpg
[22:43:44.866] Reading bytes from local file: C:\Users\ASUS\AppData\Local\AniDesk\Cache\Thumbnails\cd1002365ccbec3468d171752fad1c87.jpg
[22:43:44.867] Read 18172 bytes. Decoding...
[22:43:44.871] GetCachedImagePathAsync returned: C:\Users\ASUS\AppData\Local\AniDesk\Cache\Thumbnails\5e18bc1739af089b59ad4304cd657fb2.jpg
[22:43:44.871] Reading bytes from local file: C:\Users\ASUS\AppData\Local\AniDesk\Cache\Thumbnails\5e18bc1739af089b59ad4304cd657fb2.jpg
[22:43:44.876] GetCachedImagePathAsync returned: C:\Users\ASUS\AppData\Local\AniDesk\Cache\Thumbnails\d164b9349177eda042add758e13b0947.jpg
[22:43:44.877] Reading bytes from local file: C:\Users\ASUS\AppData\Local\AniDesk\Cache\Thumbnails\d164b9349177eda042add758e13b0947.jpg
[22:43:44.878] GetCachedImagePathAsync returned: C:\Users\ASUS\AppData\Local\AniDesk\Cache\Thumbnails\4f14dec735cf394dfb85c1f5226dd06c.jpg
[22:43:44.879] Reading bytes from local file: C:\Users\ASUS\AppData\Local\AniDesk\Cache\Thumbnails\4f14dec735cf394dfb85c1f5226dd06c.jpg
[22:43:44.880] GetCachedImagePathAsync returned: C:\Users\ASUS\AppData\Local\AniDesk\Cache\Thumbnails\6955c1ada08eb82ac94410ae67d4eff9.jpg
[22:43:44.881] Reading bytes from local file: C:\Users\ASUS\AppData\Local\AniDesk\Cache\Thumbnails\6955c1ada08eb82ac94410ae67d4eff9.jpg
[22:43:44.883] Read 19081 bytes. Decoding...
[22:43:44.885] GetCachedImagePathAsync returned: C:\Users\ASUS\AppData\Local\AniDesk\Cache\Thumbnails\97b8e8f3cb677c895d0eabe99b8a4385.jpg
[22:43:44.886] Reading bytes from local file: C:\Users\ASUS\AppData\Local\AniDesk\Cache\Thumbnails\97b8e8f3cb677c895d0eabe99b8a4385.jpg
[22:43:44.891] GetCachedImagePathAsync returned: C:\Users\ASUS\AppData\Local\AniDesk\Cache\Thumbnails\ffbfb06d9a436052b30ddc911107274d.jpg
[22:43:44.892] Reading bytes from local file: C:\Users\ASUS\AppData\Local\AniDesk\Cache\Thumbnails\ffbfb06d9a436052b30ddc911107274d.jpg
[22:43:44.893] Read 20280 bytes. Decoding...
[22:43:44.894] Read 14696 bytes. Decoding...
[22:43:44.894] GetCachedImagePathAsync returned: C:\Users\ASUS\AppData\Local\AniDesk\Cache\Thumbnails\0992f8faf213f92c95b560000a1aad4b.jpg
[22:43:44.895] Reading bytes from local file: C:\Users\ASUS\AppData\Local\AniDesk\Cache\Thumbnails\0992f8faf213f92c95b560000a1aad4b.jpg
[22:43:44.896] GetCachedImagePathAsync returned: C:\Users\ASUS\AppData\Local\AniDesk\Cache\Thumbnails\3f7ab348fd5533c8b779bfacef1a6bc6.jpg
[22:43:44.897] Reading bytes from local file: C:\Users\ASUS\AppData\Local\AniDesk\Cache\Thumbnails\3f7ab348fd5533c8b779bfacef1a6bc6.jpg
[22:43:44.897] GetCachedImagePathAsync returned: C:\Users\ASUS\AppData\Local\AniDesk\Cache\Thumbnails\525e79dd82248d4ed79deffe596408d0.jpg
[22:43:44.898] Reading bytes from local file: C:\Users\ASUS\AppData\Local\AniDesk\Cache\Thumbnails\525e79dd82248d4ed79deffe596408d0.jpg
[22:43:44.906] Successfully decoded bitmap. Size: 420x236
[22:43:44.908] Successfully decoded bitmap. Size: 420x306
[22:43:44.909] Successfully decoded bitmap. Size: 420x306
[22:43:44.910] Successfully decoded bitmap. Size: 420x236
[22:43:44.911] Successfully decoded bitmap. Size: 420x296
[22:43:44.912] Successfully decoded bitmap. Size: 420x236
[22:43:44.913] Successfully decoded bitmap. Size: 420x913
[22:43:44.913] Successfully decoded bitmap. Size: 420x913
[22:43:44.913] Successfully decoded bitmap. Size: 420x204
[22:43:44.914] Successfully decoded bitmap. Size: 420x299
[22:43:44.915] Read 24234 bytes. Decoding...
[22:43:44.917] Successfully decoded bitmap. Size: 420x245
[22:43:44.918] Successfully decoded bitmap. Size: 420x236
[22:43:44.918] Read 21435 bytes. Decoding...
[22:43:44.919] Successfully decoded bitmap. Size: 420x236
[22:43:44.920] Read 27755 bytes. Decoding...
[22:43:44.920] Read 17282 bytes. Decoding...
[22:43:44.921] Read 28864 bytes. Decoding...
[22:43:44.921] Read 26135 bytes. Decoding...
[22:43:44.921] Read 12130 bytes. Decoding...
[22:43:44.924] Read 23807 bytes. Decoding...
[22:43:44.925] Successfully decoded bitmap. Size: 420x277
[22:43:44.927] Read 10312 bytes. Decoding...
[22:43:44.928] Successfully decoded bitmap. Size: 420x177
[22:43:44.928] Read 20386 bytes. Decoding...
[22:43:44.929] Successfully decoded bitmap. Size: 420x296
[22:43:44.931] Successfully decoded bitmap. Size: 420x236
[22:43:44.932] Successfully decoded bitmap. Size: 420x236
[22:43:44.932] Successfully decoded bitmap. Size: 420x420
[22:43:44.933] Successfully decoded bitmap. Size: 420x296
[22:43:44.934] Successfully decoded bitmap. Size: 420x180
[22:43:44.934] Successfully decoded bitmap. Size: 420x531
[22:43:44.935] Successfully decoded bitmap. Size: 420x540
[22:43:45.146] OnImageUrlChanged called for url: https://assets.yande.re/data/preview/a1/5f/a15f0d29b33ef840357c79be0fb6abc0.jpg
[22:43:45.147] LoadBitmapAsync started for URL: https://assets.yande.re/data/preview/a1/5f/a15f0d29b33ef840357c79be0fb6abc0.jpg
[22:43:45.147] OnImageUrlChanged called for url: https://konachan.net/data/preview/69/3c/693c3abdb3cd28b63a8309000984b902.jpg
[22:43:45.148] LoadBitmapAsync started for URL: https://konachan.net/data/preview/69/3c/693c3abdb3cd28b63a8309000984b902.jpg
[22:43:45.149] GetCachedImagePathAsync returned: C:\Users\ASUS\AppData\Local\AniDesk\Cache\Thumbnails\26f1a3d932853b4d6993a40f98bf12dc.jpg
[22:43:45.149] Reading bytes from local file: C:\Users\ASUS\AppData\Local\AniDesk\Cache\Thumbnails\26f1a3d932853b4d6993a40f98bf12dc.jpg
[22:43:45.150] OnImageUrlChanged called for url: https://assets.yande.re/data/preview/9c/c9/9cc9e5152b5e906cf59697d358168bd4.jpg
[22:43:45.150] LoadBitmapAsync started for URL: https://assets.yande.re/data/preview/9c/c9/9cc9e5152b5e906cf59697d358168bd4.jpg
[22:43:45.150] OnImageUrlChanged called for url: https://konachan.net/data/preview/3b/34/3b34e4198ce9514f7f7bca4d621bfd21.jpg
[22:43:45.151] LoadBitmapAsync started for URL: https://konachan.net/data/preview/3b/34/3b34e4198ce9514f7f7bca4d621bfd21.jpg
[22:43:45.152] GetCachedImagePathAsync returned: C:\Users\ASUS\AppData\Local\AniDesk\Cache\Thumbnails\87c13c85a42a60e31c1176c54d38fad1.jpg
[22:43:45.152] Reading bytes from local file: C:\Users\ASUS\AppData\Local\AniDesk\Cache\Thumbnails\87c13c85a42a60e31c1176c54d38fad1.jpg
[22:43:45.153] OnImageUrlChanged called for url: https://assets.yande.re/data/preview/89/66/8966afcaf4977066ff87c4e71159c9cb.jpg
[22:43:45.154] LoadBitmapAsync started for URL: https://assets.yande.re/data/preview/89/66/8966afcaf4977066ff87c4e71159c9cb.jpg
[22:43:45.154] GetCachedImagePathAsync returned: C:\Users\ASUS\AppData\Local\AniDesk\Cache\Thumbnails\336c955ae92590ade9220ed0c50d588e.jpg
[22:43:45.155] Reading bytes from local file: C:\Users\ASUS\AppData\Local\AniDesk\Cache\Thumbnails\336c955ae92590ade9220ed0c50d588e.jpg
[22:43:45.156] OnImageUrlChanged called for url: https://konachan.net/data/preview/7d/b7/7db7d0d8b98fdf897440b4830a60e098.jpg
[22:43:45.156] LoadBitmapAsync started for URL: https://konachan.net/data/preview/7d/b7/7db7d0d8b98fdf897440b4830a60e098.jpg
[22:43:45.157] GetCachedImagePathAsync returned: C:\Users\ASUS\AppData\Local\AniDesk\Cache\Thumbnails\c53cfb8638cee73ed8cb742d2ad9ff6d.jpg
[22:43:45.159] Reading bytes from local file: C:\Users\ASUS\AppData\Local\AniDesk\Cache\Thumbnails\c53cfb8638cee73ed8cb742d2ad9ff6d.jpg
[22:43:45.160] OnImageUrlChanged called for url: https://assets.yande.re/data/preview/60/b3/60b33f8270b66d8b6c0b052023619d3d.jpg
[22:43:45.161] LoadBitmapAsync started for URL: https://assets.yande.re/data/preview/60/b3/60b33f8270b66d8b6c0b052023619d3d.jpg
[22:43:45.161] OnImageUrlChanged called for url: https://konachan.net/data/preview/7b/b4/7bb478444c9779807d33e2ddd9ad18e8.jpg
[22:43:45.162] LoadBitmapAsync started for URL: https://konachan.net/data/preview/7b/b4/7bb478444c9779807d33e2ddd9ad18e8.jpg
[22:43:45.163] GetCachedImagePathAsync returned: C:\Users\ASUS\AppData\Local\AniDesk\Cache\Thumbnails\dc53b5cdfeddf749396eba89ba739d54.jpg
[22:43:45.163] Reading bytes from local file: C:\Users\ASUS\AppData\Local\AniDesk\Cache\Thumbnails\dc53b5cdfeddf749396eba89ba739d54.jpg
[22:43:45.164] OnImageUrlChanged called for url: https://assets.yande.re/data/preview/b5/ae/b5ae7d113286bc3b82c005f03a4d3a42.jpg
[22:43:45.164] LoadBitmapAsync started for URL: https://assets.yande.re/data/preview/b5/ae/b5ae7d113286bc3b82c005f03a4d3a42.jpg
[22:43:45.165] GetCachedImagePathAsync returned: C:\Users\ASUS\AppData\Local\AniDesk\Cache\Thumbnails\3416acb1099d814e4be3b274431734ad.jpg
[22:43:45.165] Reading bytes from local file: C:\Users\ASUS\AppData\Local\AniDesk\Cache\Thumbnails\3416acb1099d814e4be3b274431734ad.jpg
[22:43:45.166] OnImageUrlChanged called for url: https://konachan.net/data/preview/61/e6/61e6934be44624ee3c3e8fc271dd5408.jpg
[22:43:45.167] LoadBitmapAsync started for URL: https://konachan.net/data/preview/61/e6/61e6934be44624ee3c3e8fc271dd5408.jpg
[22:43:45.168] GetCachedImagePathAsync returned: C:\Users\ASUS\AppData\Local\AniDesk\Cache\Thumbnails\bc87a83db5c19fcdd0d5cad44809024a.jpg
[22:43:45.168] Reading bytes from local file: C:\Users\ASUS\AppData\Local\AniDesk\Cache\Thumbnails\bc87a83db5c19fcdd0d5cad44809024a.jpg
[22:43:45.169] OnImageUrlChanged called for url: https://assets.yande.re/data/preview/08/e0/08e0728c29461760f62b81decae851d0.jpg
[22:43:45.170] LoadBitmapAsync started for URL: https://assets.yande.re/data/preview/08/e0/08e0728c29461760f62b81decae851d0.jpg
[22:43:45.171] GetCachedImagePathAsync returned: C:\Users\ASUS\AppData\Local\AniDesk\Cache\Thumbnails\0f41ecefc5a0887325aac4d441373d24.jpg
[22:43:45.172] Reading bytes from local file: C:\Users\ASUS\AppData\Local\AniDesk\Cache\Thumbnails\0f41ecefc5a0887325aac4d441373d24.jpg
[22:43:45.173] OnImageUrlChanged called for url: https://konachan.net/data/preview/0b/a0/0ba058badf10fbc64373ad3407284488.jpg
[22:43:45.175] LoadBitmapAsync started for URL: https://konachan.net/data/preview/0b/a0/0ba058badf10fbc64373ad3407284488.jpg
[22:43:45.176] OnImageUrlChanged called for url: https://assets.yande.re/data/preview/d8/90/d8906da36c9774d1a0477ae1ba28ddbf.jpg
[22:43:45.176] LoadBitmapAsync started for URL: https://assets.yande.re/data/preview/d8/90/d8906da36c9774d1a0477ae1ba28ddbf.jpg
[22:43:45.179] OnImageUrlChanged called for url: https://konachan.net/data/preview/72/2c/722c10f41d41dc3208088b4ea2060ff7.jpg
[22:43:45.180] LoadBitmapAsync started for URL: https://konachan.net/data/preview/72/2c/722c10f41d41dc3208088b4ea2060ff7.jpg
[22:43:45.181] GetCachedImagePathAsync returned: C:\Users\ASUS\AppData\Local\AniDesk\Cache\Thumbnails\edb28ab5ee9f3d5be953f3f4563166d6.jpg
[22:43:45.181] Reading bytes from local file: C:\Users\ASUS\AppData\Local\AniDesk\Cache\Thumbnails\edb28ab5ee9f3d5be953f3f4563166d6.jpg
[22:43:45.182] OnImageUrlChanged called for url: https://assets.yande.re/data/preview/44/61/4461c54a5344e1b9dbd0e01a4589e9b8.jpg
[22:43:45.183] LoadBitmapAsync started for URL: https://assets.yande.re/data/preview/44/61/4461c54a5344e1b9dbd0e01a4589e9b8.jpg
[22:43:45.184] GetCachedImagePathAsync returned: C:\Users\ASUS\AppData\Local\AniDesk\Cache\Thumbnails\3732b47eacbfa84386ad345a04e7474c.jpg
[22:43:45.184] Reading bytes from local file: C:\Users\ASUS\AppData\Local\AniDesk\Cache\Thumbnails\3732b47eacbfa84386ad345a04e7474c.jpg
[22:43:45.185] OnImageUrlChanged called for url: https://konachan.net/data/preview/cd/55/cd55cf0abb125767110a9207e601dcf5.jpg
[22:43:45.185] LoadBitmapAsync started for URL: https://konachan.net/data/preview/cd/55/cd55cf0abb125767110a9207e601dcf5.jpg
[22:43:45.186] OnImageUrlChanged called for url: https://assets.yande.re/data/preview/bd/3d/bd3d81d273ac62f1541984508a688312.jpg
[22:43:45.187] LoadBitmapAsync started for URL: https://assets.yande.re/data/preview/bd/3d/bd3d81d273ac62f1541984508a688312.jpg
[22:43:45.188] OnImageUrlChanged called for url: https://konachan.net/data/preview/a1/43/a143ef6ebd61864529829a6abd81b4bc.jpg
[22:43:45.189] LoadBitmapAsync started for URL: https://konachan.net/data/preview/a1/43/a143ef6ebd61864529829a6abd81b4bc.jpg
[22:43:45.189] OnImageUrlChanged called for url: https://assets.yande.re/data/preview/52/22/5222f0557383d185ddbca0f1768093dc.jpg
[22:43:45.190] LoadBitmapAsync started for URL: https://assets.yande.re/data/preview/52/22/5222f0557383d185ddbca0f1768093dc.jpg
[22:43:45.191] OnImageUrlChanged called for url: https://konachan.net/data/preview/5b/5a/5b5ae6bd182e1951e51232f0b64970d4.jpg
[22:43:45.192] LoadBitmapAsync started for URL: https://konachan.net/data/preview/5b/5a/5b5ae6bd182e1951e51232f0b64970d4.jpg
[22:43:45.193] OnImageUrlChanged called for url: https://assets.yande.re/data/preview/e0/eb/e0eb0c24eab6ffadcdcf4538f7303dae.jpg
[22:43:45.194] LoadBitmapAsync started for URL: https://assets.yande.re/data/preview/e0/eb/e0eb0c24eab6ffadcdcf4538f7303dae.jpg
[22:43:45.195] OnImageUrlChanged called for url: https://konachan.net/data/preview/15/3c/153c206380a72c0d96146453bf05bcab.jpg
[22:43:45.195] LoadBitmapAsync started for URL: https://konachan.net/data/preview/15/3c/153c206380a72c0d96146453bf05bcab.jpg
[22:43:45.196] OnImageUrlChanged called for url: https://assets.yande.re/data/preview/34/35/34355a82c63d9fff99baa35194278eec.jpg
[22:43:45.197] LoadBitmapAsync started for URL: https://assets.yande.re/data/preview/34/35/34355a82c63d9fff99baa35194278eec.jpg
[22:43:45.197] OnImageUrlChanged called for url: https://konachan.net/data/preview/b4/68/b468e8bd77b1837f1afde890a46a8669.jpg
[22:43:45.198] LoadBitmapAsync started for URL: https://konachan.net/data/preview/b4/68/b468e8bd77b1837f1afde890a46a8669.jpg
[22:43:45.199] GetCachedImagePathAsync returned: C:\Users\ASUS\AppData\Local\AniDesk\Cache\Thumbnails\a93c954bbe2de6b8f848fa028afff608.jpg
[22:43:45.200] Reading bytes from local file: C:\Users\ASUS\AppData\Local\AniDesk\Cache\Thumbnails\a93c954bbe2de6b8f848fa028afff608.jpg
[22:43:45.201] OnImageUrlChanged called for url: https://assets.yande.re/data/preview/d1/63/d16326eb6c3b958150776a18d227a81c.jpg
[22:43:45.201] LoadBitmapAsync started for URL: https://assets.yande.re/data/preview/d1/63/d16326eb6c3b958150776a18d227a81c.jpg
[22:43:45.202] OnImageUrlChanged called for url: https://konachan.net/data/preview/6b/85/6b8549c6b354a499d0a559a5fee63d3b.jpg
[22:43:45.203] LoadBitmapAsync started for URL: https://konachan.net/data/preview/6b/85/6b8549c6b354a499d0a559a5fee63d3b.jpg
[22:43:45.204] OnImageUrlChanged called for url: https://assets.yande.re/data/preview/b4/84/b484a82532adb0746f672a94f2417861.jpg
[22:43:45.205] LoadBitmapAsync started for URL: https://assets.yande.re/data/preview/b4/84/b484a82532adb0746f672a94f2417861.jpg
[22:43:45.206] OnImageUrlChanged called for url: https://konachan.net/data/preview/27/cd/27cd15b3dbddff391e727b95970d7275.jpg
[22:43:45.206] LoadBitmapAsync started for URL: https://konachan.net/data/preview/27/cd/27cd15b3dbddff391e727b95970d7275.jpg
[22:43:45.207] GetCachedImagePathAsync returned: C:\Users\ASUS\AppData\Local\AniDesk\Cache\Thumbnails\308daf26f3ddca47694a861f24949c6f.jpg
[22:43:45.207] Reading bytes from local file: C:\Users\ASUS\AppData\Local\AniDesk\Cache\Thumbnails\308daf26f3ddca47694a861f24949c6f.jpg
[22:43:45.209] OnImageUrlChanged called for url: https://assets.yande.re/data/preview/2d/02/2d022a14868b8541e8bfd9194045b892.jpg
[22:43:45.209] LoadBitmapAsync started for URL: https://assets.yande.re/data/preview/2d/02/2d022a14868b8541e8bfd9194045b892.jpg
[22:43:45.210] OnImageUrlChanged called for url: https://konachan.net/data/preview/38/f8/38f8519ec2332eeefe6d7d083c42695e.jpg
[22:43:45.211] LoadBitmapAsync started for URL: https://konachan.net/data/preview/38/f8/38f8519ec2332eeefe6d7d083c42695e.jpg
[22:43:45.213] GetCachedImagePathAsync returned: C:\Users\ASUS\AppData\Local\AniDesk\Cache\Thumbnails\e96e0da803a986c807331f342363e6ea.jpg
[22:43:45.214] Reading bytes from local file: C:\Users\ASUS\AppData\Local\AniDesk\Cache\Thumbnails\e96e0da803a986c807331f342363e6ea.jpg
[22:43:45.285] Successfully decoded bitmap. Size: 420x296
[22:43:45.288] Successfully decoded bitmap. Size: 420x315
[22:43:45.289] Successfully decoded bitmap. Size: 420x588
[22:43:45.291] Successfully decoded bitmap. Size: 420x567
[22:43:45.292] Read 11166 bytes. Decoding...
[22:43:45.292] Read 22194 bytes. Decoding...
[22:43:45.294] Read 14854 bytes. Decoding...
[22:43:45.294] Read 12004 bytes. Decoding...
[22:43:45.295] Read 17529 bytes. Decoding...
[22:43:45.296] Read 18309 bytes. Decoding...
[22:43:45.298] Read 9839 bytes. Decoding...
[22:43:45.300] Read 16223 bytes. Decoding...
[22:43:45.301] Read 20321 bytes. Decoding...
[22:43:45.309] Read 16591 bytes. Decoding...
[22:43:45.309] Read 7429 bytes. Decoding...
[22:43:45.312] Read 20515 bytes. Decoding...
[22:43:45.313] Read 17286 bytes. Decoding...
[22:43:45.314] GetCachedImagePathAsync returned: C:\Users\ASUS\AppData\Local\AniDesk\Cache\Thumbnails\1f81248df19eda03fbb48082d547dc4b.jpg
[22:43:45.315] Reading bytes from local file: C:\Users\ASUS\AppData\Local\AniDesk\Cache\Thumbnails\1f81248df19eda03fbb48082d547dc4b.jpg
[22:43:45.316] GetCachedImagePathAsync returned: C:\Users\ASUS\AppData\Local\AniDesk\Cache\Thumbnails\58e4dc90bd66b65097a0e3b6bfd7afe0.jpg
[22:43:45.317] Reading bytes from local file: C:\Users\ASUS\AppData\Local\AniDesk\Cache\Thumbnails\58e4dc90bd66b65097a0e3b6bfd7afe0.jpg
[22:43:45.331] GetCachedImagePathAsync returned: C:\Users\ASUS\AppData\Local\AniDesk\Cache\Thumbnails\72690cf39f0824f26d3c09bc0abcd0de.jpg
[22:43:45.332] Reading bytes from local file: C:\Users\ASUS\AppData\Local\AniDesk\Cache\Thumbnails\72690cf39f0824f26d3c09bc0abcd0de.jpg
[22:43:45.334] GetCachedImagePathAsync returned: C:\Users\ASUS\AppData\Local\AniDesk\Cache\Thumbnails\941481fa587e85d2a7154a54acbc56c7.jpg
[22:43:45.335] Reading bytes from local file: C:\Users\ASUS\AppData\Local\AniDesk\Cache\Thumbnails\941481fa587e85d2a7154a54acbc56c7.jpg
[22:43:45.336] GetCachedImagePathAsync returned: C:\Users\ASUS\AppData\Local\AniDesk\Cache\Thumbnails\29864891fcde79abc3587770ac092526.jpg
[22:43:45.337] Reading bytes from local file: C:\Users\ASUS\AppData\Local\AniDesk\Cache\Thumbnails\29864891fcde79abc3587770ac092526.jpg
[22:43:45.337] Successfully decoded bitmap. Size: 420x236
[22:43:45.338] Successfully decoded bitmap. Size: 420x238
[22:43:45.339] Successfully decoded bitmap. Size: 420x266
[22:43:45.339] Successfully decoded bitmap. Size: 420x256
[22:43:45.340] GetCachedImagePathAsync returned: C:\Users\ASUS\AppData\Local\AniDesk\Cache\Thumbnails\fe82b9705a30e656387f5e5f4bada59c.jpg
[22:43:45.341] Reading bytes from local file: C:\Users\ASUS\AppData\Local\AniDesk\Cache\Thumbnails\fe82b9705a30e656387f5e5f4bada59c.jpg
[22:43:45.342] Successfully decoded bitmap. Size: 420x179
[22:43:45.342] Successfully decoded bitmap. Size: 420x252
[22:43:45.343] Successfully decoded bitmap. Size: 420x745
[22:43:45.343] GetCachedImagePathAsync returned: C:\Users\ASUS\AppData\Local\AniDesk\Cache\Thumbnails\d960c534c23ca17418992a67e3b6c0d7.jpg
[22:43:45.344] Reading bytes from local file: C:\Users\ASUS\AppData\Local\AniDesk\Cache\Thumbnails\d960c534c23ca17418992a67e3b6c0d7.jpg
[22:43:45.344] Successfully decoded bitmap. Size: 420x301
[22:43:45.347] GetCachedImagePathAsync returned: C:\Users\ASUS\AppData\Local\AniDesk\Cache\Thumbnails\84c15a5eab97e231607ed10c732921bf.jpg
[22:43:45.348] Reading bytes from local file: C:\Users\ASUS\AppData\Local\AniDesk\Cache\Thumbnails\84c15a5eab97e231607ed10c732921bf.jpg
[22:43:45.349] Successfully decoded bitmap. Size: 420x233
[22:43:45.350] Read 17915 bytes. Decoding...
[22:43:45.350] Successfully decoded bitmap. Size: 420x623
[22:43:45.351] GetCachedImagePathAsync returned: C:\Users\ASUS\AppData\Local\AniDesk\Cache\Thumbnails\1445caeeaf13dba4e51d95fb0c0692ca.jpg
[22:43:45.351] Reading bytes from local file: C:\Users\ASUS\AppData\Local\AniDesk\Cache\Thumbnails\1445caeeaf13dba4e51d95fb0c0692ca.jpg
[22:43:45.352] Read 17111 bytes. Decoding...
[22:43:45.353] Successfully decoded bitmap. Size: 420x260
[22:43:45.353] Successfully decoded bitmap. Size: 420x296
[22:43:45.354] Successfully decoded bitmap. Size: 420x263
[22:43:45.372] Read 6294 bytes. Decoding...
[22:43:45.373] GetCachedImagePathAsync returned: C:\Users\ASUS\AppData\Local\AniDesk\Cache\Thumbnails\397369d35b0968a7cbd710d7b364b355.jpg
[22:43:45.374] Reading bytes from local file: C:\Users\ASUS\AppData\Local\AniDesk\Cache\Thumbnails\397369d35b0968a7cbd710d7b364b355.jpg
[22:43:45.375] Read 20429 bytes. Decoding...
[22:43:45.376] Read 16326 bytes. Decoding...
[22:43:45.377] Read 23681 bytes. Decoding...
[22:43:45.378] Read 22715 bytes. Decoding...
[22:43:45.380] Read 18854 bytes. Decoding...
[22:43:45.381] GetCachedImagePathAsync returned: C:\Users\ASUS\AppData\Local\AniDesk\Cache\Thumbnails\63774cb4d51fc32defd988d6d3e154e4.jpg
[22:43:45.382] Reading bytes from local file: C:\Users\ASUS\AppData\Local\AniDesk\Cache\Thumbnails\63774cb4d51fc32defd988d6d3e154e4.jpg
[22:43:45.383] Read 25202 bytes. Decoding...
[22:43:45.384] Successfully decoded bitmap. Size: 420x273
[22:43:45.386] Successfully decoded bitmap. Size: 420x296
[22:43:45.386] GetCachedImagePathAsync returned: C:\Users\ASUS\AppData\Local\AniDesk\Cache\Thumbnails\8b9ff987a61df94bfa0276e50c21e192.jpg
[22:43:45.387] Reading bytes from local file: C:\Users\ASUS\AppData\Local\AniDesk\Cache\Thumbnails\8b9ff987a61df94bfa0276e50c21e192.jpg
[22:43:45.388] GetCachedImagePathAsync returned: C:\Users\ASUS\AppData\Local\AniDesk\Cache\Thumbnails\5150003d91b84a12c05ca5553e00e46a.jpg
[22:43:45.389] Reading bytes from local file: C:\Users\ASUS\AppData\Local\AniDesk\Cache\Thumbnails\5150003d91b84a12c05ca5553e00e46a.jpg
[22:43:45.392] Read 15834 bytes. Decoding...
[22:43:45.393] Successfully decoded bitmap. Size: 420x210
[22:43:45.411] Successfully decoded bitmap. Size: 420x597
[22:43:45.412] Successfully decoded bitmap. Size: 420x492
[22:43:45.413] Read 14232 bytes. Decoding...
[22:43:45.415] Successfully decoded bitmap. Size: 420x236
[22:43:45.416] Successfully decoded bitmap. Size: 420x591
[22:43:45.416] Successfully decoded bitmap. Size: 420x236
[22:43:45.417] Read 21101 bytes. Decoding...
[22:43:45.419] Successfully decoded bitmap. Size: 420x597
[22:43:45.419] Read 13180 bytes. Decoding...
[22:43:45.420] Successfully decoded bitmap. Size: 420x201
[22:43:45.426] Successfully decoded bitmap. Size: 420x236
[22:43:45.426] Successfully decoded bitmap. Size: 420x299
[22:43:45.427] Successfully decoded bitmap. Size: 420x289
[22:43:45.486] GetCachedImagePathAsync returned: C:\Users\ASUS\AppData\Local\AniDesk\Cache\Thumbnails\79266ea5063a43d1bd6cb8b58d54b5bd.jpg
[22:43:45.487] Reading bytes from local file: C:\Users\ASUS\AppData\Local\AniDesk\Cache\Thumbnails\79266ea5063a43d1bd6cb8b58d54b5bd.jpg
[22:43:45.495] Read 16484 bytes. Decoding...
[22:43:45.501] Successfully decoded bitmap. Size: 420x594
[22:43:45.722] GetCachedImagePathAsync returned: C:\Users\ASUS\AppData\Local\AniDesk\Cache\Thumbnails\a8c5f473cdfb2f33577557a9003f23c6.jpg
[22:43:45.723] Reading bytes from local file: C:\Users\ASUS\AppData\Local\AniDesk\Cache\Thumbnails\a8c5f473cdfb2f33577557a9003f23c6.jpg
[22:43:45.725] Read 18342 bytes. Decoding...
[22:43:45.729] Successfully decoded bitmap. Size: 420x236
[22:43:45.750] GetCachedImagePathAsync returned: C:\Users\ASUS\AppData\Local\AniDesk\Cache\Thumbnails\76658624b397ba8b672c30c3772860e9.jpg
[22:43:45.750] Reading bytes from local file: C:\Users\ASUS\AppData\Local\AniDesk\Cache\Thumbnails\76658624b397ba8b672c30c3772860e9.jpg
[22:43:45.762] GetCachedImagePathAsync returned: C:\Users\ASUS\AppData\Local\AniDesk\Cache\Thumbnails\21e056a310c5f3c55dceb31361c9b462.jpg
[22:43:45.763] Reading bytes from local file: C:\Users\ASUS\AppData\Local\AniDesk\Cache\Thumbnails\21e056a310c5f3c55dceb31361c9b462.jpg
[22:43:45.771] Read 18814 bytes. Decoding...
[22:43:45.772] Read 15943 bytes. Decoding...
[22:43:45.775] Successfully decoded bitmap. Size: 420x236
[22:43:45.783] Successfully decoded bitmap. Size: 420x652
[22:43:45.932] GetCachedImagePathAsync returned: C:\Users\ASUS\AppData\Local\AniDesk\Cache\Thumbnails\cf0a6ef7088a8a5fb6f6762a446cad9f.jpg
[22:43:45.933] Reading bytes from local file: C:\Users\ASUS\AppData\Local\AniDesk\Cache\Thumbnails\cf0a6ef7088a8a5fb6f6762a446cad9f.jpg
[22:43:45.946] Read 10439 bytes. Decoding...
[22:43:45.951] Successfully decoded bitmap. Size: 420x623
[22:43:46.104] GetCachedImagePathAsync returned: C:\Users\ASUS\AppData\Local\AniDesk\Cache\Thumbnails\a7995d2780a2e948d2ef8125de0c41e4.jpg
[22:43:46.105] Reading bytes from local file: C:\Users\ASUS\AppData\Local\AniDesk\Cache\Thumbnails\a7995d2780a2e948d2ef8125de0c41e4.jpg
[22:43:46.119] Read 18861 bytes. Decoding...
[22:43:46.129] Successfully decoded bitmap. Size: 420x533
[22:43:47.278] GetCachedImagePathAsync returned: C:\Users\ASUS\AppData\Local\AniDesk\Cache\Thumbnails\58a719b034d2aa5aca92af0afc13959f.jpg
[22:43:47.278] Reading bytes from local file: C:\Users\ASUS\AppData\Local\AniDesk\Cache\Thumbnails\58a719b034d2aa5aca92af0afc13959f.jpg
[22:43:47.294] Read 20430 bytes. Decoding...
[22:43:47.299] Successfully decoded bitmap. Size: 420x630
[22:43:52.231] GetCachedImagePathAsync returned: C:\Users\ASUS\AppData\Local\AniDesk\Cache\Thumbnails\9e45a2aad640d1520115c34279a018c4.jpg
[22:43:52.232] Reading bytes from local file: C:\Users\ASUS\AppData\Local\AniDesk\Cache\Thumbnails\9e45a2aad640d1520115c34279a018c4.jpg
[22:43:52.238] Read 436302 bytes. Decoding...
[22:43:52.307] Successfully decoded bitmap. Size: 600x760
